// Jest Snapshot v1, https://jestjs.io/docs/snapshot-testing

exports[`Pruebas en <FirstApp /> Debe hacer match con el snapshot 1`] = `
<div>
  <h1
    data-testid="text-title"
  >
    Yo soy Jav
  </h1>
  <p />
  <p />
  <p />
  <code>
    Counter App
  </code>
  <p />
  <button>
    +1
  </button>
  <button>
    -1
  </button>
  <button
    aria-label="btn-reset"
  >
    Reset
  </button>
</div>
`;
